../Core/Src/LCD.cpp:4:6:void LCD::SetOutput(GPIO_TypeDef*, uint32_t)	24	static
../Core/Src/LCD.cpp:10:6:void LCD::SetInput(GPIO_TypeDef*, uint32_t)	24	static
../Core/Src/LCD.cpp:15:6:void LCD::SetBit(GPIO_TypeDef*, uint32_t)	24	static
../Core/Src/LCD.cpp:20:6:void LCD::ClrBit(GPIO_TypeDef*, uint32_t)	24	static
../Core/Src/LCD.cpp:25:6:void LCD::CplBit(GPIO_TypeDef*, uint32_t)	24	static
../Core/Src/LCD.cpp:30:9:uint8_t LCD::GetStatus(GPIO_TypeDef*, uint32_t)	24	static
../Core/Src/LCD.cpp:35:6:void LCD::SetPullup(GPIO_TypeDef*, uint32_t)	24	static
../Core/Src/LCD.cpp:41:6:void LCD::SetAltFunc(GPIO_TypeDef*, uint32_t, uint8_t)	24	static
../Core/Src/LCD.cpp:55:6:void LCD::delayms(uint32_t)	24	static
../Core/Src/LCD.cpp:61:6:void pulseEnable()	16	static
../Core/Src/LCD.cpp:68:6:void send4bit(uint8_t)	16	static
../Core/Src/LCD.cpp:81:1:LCD::LCD()	16	static
../Core/Src/LCD.cpp:88:6:void LCD::LCD_Init()	16	static
../Core/Src/LCD.cpp:124:6:void LCD::LCD_write(const char*)	24	static
../Core/Src/LCD.cpp:137:6:void LCD::LCD_write_string(const char*)	16	static
../Core/Src/LCD.cpp:145:6:void LCD::LCD_write_number(int)	40	static
