../Core/Src/main.cpp:97:5:int main()	32	static,ignoring_inline_asm
../Core/Src/main.cpp:187:6:void SystemClock_Config()	88	static
../Core/Src/main.cpp:233:13:void MX_I2C1_Init()	8	static
../Core/Src/main.cpp:267:13:void MX_I2S3_Init()	8	static
../Core/Src/main.cpp:301:13:void MX_SPI1_Init()	8	static
../Core/Src/main.cpp:339:13:void MX_GPIO_Init()	56	static
../Core/Src/main.cpp:429:13:void led_orange_handler(void*)	16	static
../Core/Src/main.cpp:449:13:void led_red_handler(void*)	16	static
../Core/Src/main.cpp:468:13:void led_blue_handler(void*)	16	static
../Core/Src/main.cpp:487:13:void led_green_handler(void*)	16	static
../Core/Src/main.cpp:529:6:void StartDefaultTask(void*)	16	static
../Core/Src/main.cpp:550:6:void HAL_TIM_PeriodElapsedCallback(TIM_HandleTypeDef*)	16	static
../Core/Src/main.cpp:567:6:void Error_Handler()	4	static,ignoring_inline_asm
