../Src/main.cpp:5:6:void delay(uint32_t)	24	static
../Src/main.cpp:10:6:void gpio_init()	16	static
../Src/main.cpp:37:7:void subject::notify()	24	static
../Src/main.cpp:43:2:subject::subject()	16	static
../Src/main.cpp:45:7:void subject::attach(observer*)	16	static
../Src/main.cpp:52:10:uint8_t subject::read()	16	static
../Src/main.cpp:56:7:void subject::poll()	16	static
../Src/main.cpp:24:7:constexpr observer::observer()	16	static
../Src/main.cpp:81:1:GreenLed::GreenLed(GPIO_TypeDef*, uint8_t)	24	static
../Src/main.cpp:83:7:virtual void GreenLed::update()	16	static
../Src/main.cpp:100:2:OrangeLed::OrangeLed(GPIO_TypeDef*, uint8_t)	24	static
../Src/main.cpp:102:7:virtual void OrangeLed::update()	16	static
../Src/main.cpp:119:2:BlueLed::BlueLed(GPIO_TypeDef*, uint8_t)	24	static
../Src/main.cpp:121:7:virtual void BlueLed::update()	16	static
../Src/main.cpp:138:2:RedLed::RedLed(GPIO_TypeDef*, uint8_t)	24	static
../Src/main.cpp:140:7:virtual void RedLed::update()	16	static
../Src/main.cpp:155:5:int main()	104	static
