../Core/Src/RTOS_Task.cpp:22:6:static void DataAcquisitionTask::Task(void*)	24	static
../Core/Src/RTOS_Task.cpp:39:6:static void SensorProcessingTask::Task(void*)	64	static
../Core/Src/RTOS_Task.cpp:71:6:static void HealthMonitorTask::Task(void*)	136	static
../Core/Src/RTOS_Task.cpp:132:6:static void DisplayTask::Task(void*)	120	static
../Core/Src/RTOS_Task.cpp:176:6:static void ButtonHandlerTask::Task(void*)	24	static
../Core/Src/RTOS_Task.cpp:211:6:static void AlertTask::Task(void*)	24	static
../Core/Src/RTOS_Task.cpp:229:1:void __static_initialization_and_destruction_0()	8	static
../Core/Src/RTOS_Task.cpp:229:1:cpp)	8	static
