../Core/Src/main.cpp:99:5:int main()	72	static,ignoring_inline_asm
../Core/Src/main.cpp:188:6:void SystemClock_Config()	88	static
../Core/Src/main.cpp:234:13:void MX_I2C1_Init()	8	static
../Core/Src/main.cpp:268:13:void MX_I2S3_Init()	8	static
../Core/Src/main.cpp:302:13:void MX_SPI1_Init()	8	static
../Core/Src/main.cpp:340:13:void MX_GPIO_Init()	56	static
../Core/Src/main.cpp:456:17:void HAL_GPIO_EXTI_Callback(uint16_t)	24	static,ignoring_inline_asm
../Core/Src/main.cpp:483:6:void StartDefaultTask(void*)	16	static
../Core/Src/main.cpp:504:6:void HAL_TIM_PeriodElapsedCallback(TIM_HandleTypeDef*)	16	static
../Core/Src/main.cpp:521:6:void Error_Handler()	4	static,ignoring_inline_asm
