../Core/Src/stm32f4xx_it.c:71:6:NMI_Handler	4	static
../Core/Src/stm32f4xx_it.c:86:6:HardFault_Handler	16	static
../Core/Src/stm32f4xx_it.c:98:6:MemManage_Handler	4	static
../Core/Src/stm32f4xx_it.c:113:6:BusFault_Handler	4	static
../Core/Src/stm32f4xx_it.c:128:6:UsageFault_Handler	4	static
../Core/Src/stm32f4xx_it.c:143:6:DebugMon_Handler	4	static
../Core/Src/stm32f4xx_it.c:163:6:EXTI0_IRQHandler	8	static
../Core/Src/stm32f4xx_it.c:173:6:EXTI3_IRQHandler	8	static
../Core/Src/stm32f4xx_it.c:177:6:EXTI9_5_IRQHandler	8	static
../Core/Src/stm32f4xx_it.c:185:6:TIM6_DAC_IRQHandler	8	static
../Core/Src/stm32f4xx_it.c:199:6:OTG_FS_IRQHandler	8	static
