10:26:28 **** Incremental Build of configuration Debug for project MI_PROJECT ****
make -j8 all 
arm-none-eabi-g++ "../Core/Src/RTOS_Task.cpp" -mcpu=cortex-m4 -std=gnu++14 -g3 -DDEBUG -DUSE_HAL_DRIVER -DSTM32F407xx -c -I../USB_HOST/App -I../USB_HOST/Target -I../Core/Inc -I../Drivers/STM32F4xx_HAL_Driver/Inc -I../Drivers/STM32F4xx_HAL_Driver/Inc/Legacy -I../Middlewares/ST/STM32_USB_Host_Library/Core/Inc -I../Middlewares/ST/STM32_USB_Host_Library/Class/CDC/Inc -I../Drivers/CMSIS/Device/ST/STM32F4xx/Include -I../Drivers/CMSIS/Include -I../Middlewares/Third_Party/FreeRTOS/Source/include -I../Middlewares/Third_Party/FreeRTOS/Source/CMSIS_RTOS_V2 -I../Middlewares/Third_Party/FreeRTOS/Source/portable/GCC/ARM_CM4F -O0 -ffunction-sections -fdata-sections -fno-exceptions -fno-rtti -fno-use-cxa-atexit -Wall -fstack-usage -fcyclomatic-complexity -MMD -MP -MF"Core/Src/RTOS_Task.d" -MT"Core/Src/RTOS_Task.o" --specs=nano.specs -mfpu=fpv4-sp-d16 -mfloat-abi=hard -mthumb -o "Core/Src/RTOS_Task.o"
arm-none-eabi-g++ -o "MI_PROJECT.elf" @"objects.list"   -mcpu=cortex-m4 -T"/home/mirafra/STM32CubeIDE/workspace_2.1.1/MI_PROJECT/STM32F407VGTX_FLASH.ld" --specs=nosys.specs -Wl,-Map="MI_PROJECT.map" -Wl,--gc-sections -static --specs=nano.specs -mfpu=fpv4-sp-d16 -mfloat-abi=hard -mthumb -Wl,--start-group -lc -lm -lstdc++ -lsupc++ -Wl,--end-group
/opt/st/stm32cubeide_2.1.1/plugins/com.st.stm32cube.ide.mcu.externaltools.gnu-tools-for-stm32.14.3.rel1.linux64_1.0.100.202602081740/tools/bin/../lib/gcc/arm-none-eabi/14.3.1/../../../../arm-none-eabi/bin/ld: warning: MI_PROJECT.elf has a LOAD segment with RWX permissions
Finished building target: MI_PROJECT.elf
 
arm-none-eabi-size  MI_PROJECT.elf 
arm-none-eabi-objdump -h -S MI_PROJECT.elf  > "MI_PROJECT.list"
   text	   data	    bss	    dec	    hex	filename
  29776	    104	  21712	  51592	   c988	MI_PROJECT.elf
Finished building: default.size.stdout
 
Finished building: MI_PROJECT.list
 

10:26:29 Build Finished. 0 errors, 1 warnings. (took 414ms)

