10:53:10 **** Incremental Build of configuration Debug for project sw_debounce ****
make -j8 all 
arm-none-eabi-g++ "../Src/main.cpp" -mcpu=cortex-m4 -std=gnu++14 -g3 -DDEBUG -DSTM32 -DSTM32F407G_DISC1 -DSTM32F4 -DSTM32F407VGTx -c -I../Inc -O0 -ffunction-sections -fdata-sections -fno-exceptions -fno-rtti -fno-use-cxa-atexit -Wall -fstack-usage -fcyclomatic-complexity -MMD -MP -MF"Src/main.d" -MT"Src/main.o" --specs=nano.specs -mfpu=fpv4-sp-d16 -mfloat-abi=hard -mthumb -o "Src/main.o"
arm-none-eabi-g++ -o "sw_debounce.elf" @"objects.list"   -mcpu=cortex-m4 -T"/home/mirafra/STM32CubeIDE/workspace_2.1.1/sw_debounce/STM32F407VGTX_FLASH.ld" --specs=nosys.specs -Wl,-Map="sw_debounce.map" -Wl,--gc-sections -static --specs=nano.specs -mfpu=fpv4-sp-d16 -mfloat-abi=hard -mthumb -Wl,--start-group -lc -lm -lstdc++ -lsupc++ -Wl,--end-group
Finished building target: sw_debounce.elf
 
arm-none-eabi-size  sw_debounce.elf 
arm-none-eabi-objdump -h -S sw_debounce.elf  > "sw_debounce.list"
   text	   data	    bss	    dec	    hex	filename
    888	      0	   1568	   2456	    998	sw_debounce.elf
Finished building: default.size.stdout
 
Finished building: sw_debounce.list
 

10:53:10 Build Finished. 0 errors, 0 warnings. (took 167ms)

