10:00:41 **** Incremental Build of configuration Debug for project USART_PRINT ****
make -j8 all 
arm-none-eabi-g++ "../Src/main.cpp" -mcpu=cortex-m4 -std=gnu++14 -g3 -DDEBUG -DSTM32 -DSTM32F407G_DISC1 -DSTM32F4 -DSTM32F407VGTx -c -I../Inc -O0 -ffunction-sections -fdata-sections -fno-exceptions -fno-rtti -fno-use-cxa-atexit -Wall -fstack-usage -fcyclomatic-complexity -MMD -MP -MF"Src/main.d" -MT"Src/main.o" --specs=nano.specs -mfpu=fpv4-sp-d16 -mfloat-abi=hard -mthumb -o "Src/main.o"
arm-none-eabi-gcc "../Src/syscalls.c" -mcpu=cortex-m4 -std=gnu11 -g3 -DDEBUG -DSTM32 -DSTM32F407G_DISC1 -DSTM32F4 -DSTM32F407VGTx -c -I../Inc -O0 -ffunction-sections -fdata-sections -Wall -fstack-usage -fcyclomatic-complexity -MMD -MP -MF"Src/syscalls.d" -MT"Src/syscalls.o" --specs=nano.specs -mfpu=fpv4-sp-d16 -mfloat-abi=hard -mthumb -o "Src/syscalls.o"
../Src/syscalls.c:62:1: warning: "/*" within comment [-Wcomment]
   62 | /* ITM register addresses */
arm-none-eabi-g++ -o "USART_PRINT.elf" @"objects.list"   -mcpu=cortex-m4 -T"/home/mirafra/STM32CubeIDE/workspace_2.1.1/USART_PRINT/STM32F407VGTX_FLASH.ld" --specs=nosys.specs -Wl,-Map="USART_PRINT.map" -Wl,--gc-sections -static --specs=nano.specs -mfpu=fpv4-sp-d16 -mfloat-abi=hard -mthumb -Wl,--start-group -lc -lm -lstdc++ -lsupc++ -Wl,--end-group
Finished building target: USART_PRINT.elf
 
arm-none-eabi-size  USART_PRINT.elf 
arm-none-eabi-objdump -h -S USART_PRINT.elf  > "USART_PRINT.list"
   text	   data	    bss	    dec	    hex	filename
   3592	     92	   1900	   5584	   15d0	USART_PRINT.elf
Finished building: default.size.stdout
 
Finished building: USART_PRINT.list
 

10:00:42 Build Finished. 0 errors, 1 warnings. (took 437ms)

